// Jest Snapshot v1, https://goo.gl/fbAQLP

exports[`matches snapshot 1`] = `
<DocumentFragment>
  <div
    class="sc-bdfBwQ kRpwiH"
  >
    <div
      class="heroimage-content"
    >
      <div
        class="heroimage-text"
      >
        <h1 />
        <p />
      </div>
    </div>
  </div>
</DocumentFragment>
`;
